<?xml version='1.0' encoding='UTF-8'?>
<dataset>
	<person person_objid="1" account_name="JamesChen" password_hash="12345"/>
	<person person_objid="2" account_name="WilliamWang"  password_hash="12345"/>
	<person person_objid="3" account_name="JohnasonChen" password_hash="12345"/>
	<person person_objid="4" account_name="MichaelMiao" password_hash="12345"/>
	<person person_objid="5" account_name="LuisChen" password_hash="12345"/>
	<activity host="4" name="Chemical" location="NANNING" description="Math" start_time="2015-05-14 05:00:00" school_fk="1"></activity>
	<schedule person_fk="5"></schedule>
	<school_type SCHOOL_TYPE_OBJID="1" NAME ="HIGH_SCHOOL"/>
	<school SCHOOL_OBJID="1" name = "PUNGOL_PRIMARY_SCHOOL" ADDRESS="PUNGOL" SCHOOL_TYPE_FK="1"/>
</dataset>