<?xml version='1.0' encoding='UTF-8'?>
<dataset>

	<role role_objid = "1" name = "ADMIN"/>
	<role role_objid = "2" name = "CHILDREN"/>
	<role role_objid = "3" name = "STAFF"/>
	<role role_objid = "4" name = "PARENT"/>

	<permission NAME = "LOGIN"/>
	<permission NAME = "ADD_UPDATE_REMOVE_STUDENT"/>
	<permission NAME = "ADD_UPDATE_REMOVE_TEACHER"/>
	<permission NAME = "ADD_UPDATE_REMOVE_ACTIVITY"/>

	<role_permission ROLE_FK="1" />
	<role_permission ROLE_FK="1" />
	<role_permission ROLE_FK="1" />
	<role_permission ROLE_FK="3" />
</dataset>