<?xml version='1.0' encoding='UTF-8'?>
<dataset>
	<school_type NAME ="FIRST_PRIMARY_SCHOOL"/>
</dataset>